// Vitest Snapshot v1, https://vitest.dev/guide/snapshot.html

exports[`processFlips > should convert to JSON correctly 1`] = `"[{"0":{"type":"place","direction":"none"}}]"`;
